// Jest Snapshot v1, https://goo.gl/fbAQLP

exports[`ArticlePage matches snapshot 1`] = `
<div
  className="mt-2 mb-5 container"
>
  <div
    className="row"
  >
    <div
      className="col-lg-12 order-lg-1"
    >
      <h1
        style={
          Object {
            "color": "var(--c-heading-inverse)",
            "fontFamily": "var(--ff-h1-s)",
            "fontSize": "var(--fs-h1-s)",
            "fontWeight": 600,
            "lineHeight": "var(--lh-h1-s)",
          }
        }
      >
        Lorem ipsum
      </h1>
    </div>
  </div>
  <div
    className="row"
  >
    <div
      className="col-lg-4 order-lg-3"
    >
      <div
        className="d-flex flex-column mb-3"
      >
        <div
          className="mb-2 mb-lg-4 d-flex flex-column align-items-md-start flex-lg-row align-items-lg-center"
        >
          <a
            href="test.com"
          >
            <img
              className="me-3 img-fluid rounded-circle"
              src="test.png"
              style={
                Object {
                  "height": 50,
                }
              }
            />
          </a>
          <a
            href="test.com"
          >
            <div>
              <span
                className="me-1"
                style={
                  Object {
                    "color": "var(--c-heading-inverse)",
                    "fontFamily": "var(--ff-author-by-h6)",
                    "fontSize": "var(--fs-author-by-h6)",
                    "fontWeight": 300,
                    "lineHeight": "var(--lh-author-by-h6)",
                  }
                }
              >
                BY
              </span>
              <span
                className="text-uppercase"
                style={
                  Object {
                    "color": "var(--c-heading-inverse)",
                    "fontFamily": "var(--ff-author-h6)",
                    "fontSize": "var(--fs-author-h6)",
                    "fontWeight": 300,
                    "lineHeight": "var(--lh-author-h6)",
                  }
                }
              >
                lorem ipsum
              </span>
            </div>
          </a>
        </div>
        <div
          style={
            Object {
              "color": "var(--c-heading-inverse)",
              "fontFamily": "var(--ff-article-date)",
              "fontSize": "var(--fs-article-date)",
              "fontWeight": 600,
              "lineHeight": "var(--lh-article-date)",
            }
          }
        >
          <span
            className="me-1 d-inline"
            style={
              Object {
                "color": "var(--c-heading-inverse)",
                "fontFamily": "var(--ff-article-date-text)",
                "fontSize": "var(--fs-article-date-text)",
                "fontWeight": 400,
                "lineHeight": "var(--lh-article-date-text)",
              }
            }
          >
            Published
          </span>
          March 09, 2021
        </div>
        <div
          style={
            Object {
              "color": "var(--c-heading-inverse)",
              "fontFamily": "var(--ff-article-date)",
              "fontSize": "var(--fs-article-date)",
              "fontWeight": 600,
              "lineHeight": "var(--lh-article-date)",
            }
          }
        >
          <span
            className="me-1 d-inline"
            style={
              Object {
                "color": "var(--c-heading-inverse)",
                "fontFamily": "var(--ff-article-date-text)",
                "fontSize": "var(--fs-article-date-text)",
                "fontWeight": 400,
                "lineHeight": "var(--lh-article-date-text)",
              }
            }
          >
            Updated
          </span>
          March 09, 2021
        </div>
        <div
          className="d-none d-lg-inline"
        >
          <div
            className="d-flex flex-row justify-content-between mt-3"
            style={
              Object {
                "maxWidth": 280,
                "minWidth": 250,
              }
            }
          >
            <div
              className="rounded-circle d-flex justify-content-center align-items-center d-none "
              style={
                Object {
                  "border": "1px solid #000",
                  "height": 30,
                  "overflow": "hidden",
                  "width": 30,
                }
              }
            >
              <a
                href="/"
              >
                <svg
                  fill="currentColor"
                  height={18}
                  viewBox="0 0 16 16"
                  width={18}
                  xmlns="http://www.w3.org/2000/svg"
                >
                  <path
                    d="M2 2a2 2 0 0 1 2-2h8a2 2 0 0 1 2 2v13.5a.5.5 0 0 1-.777.416L8 13.101l-5.223 2.815A.5.5 0 0 1 2 15.5V2zm2-1a1 1 0 0 0-1 1v12.566l4.723-2.482a.5.5 0 0 1 .554 0L13 14.566V2a1 1 0 0 0-1-1H4z"
                  />
                </svg>
              </a>
            </div>
            <div
              className="rounded-circle d-flex justify-content-center align-items-center d-inline "
              style={
                Object {
                  "backgroundColor": "#25D366",
                  "height": 30,
                  "overflow": "hidden",
                  "width": 30,
                }
              }
            >
              <a
                href="https://www.addtoany.com/add_to/whatsapp?linkurl=https%3A%2F%2Fwww.todayonline.com%2Fsingapore%2Fspore-ready-female-pm-shanmugam-says-there-are-few-women-leadership-due-family-reasons&linkname=Is%20S%E2%80%99pore%20ready%20for%20a%20female%20PM%3F%20Shanmugam%20says%20there%20are%20few%20women%20in%20leadership%20due%20to%20family%20reasons&linknote="
              >
                <svg
                  fill="#fff"
                  height={20}
                  viewBox="0 0 16 16"
                  width={20}
                  xmlns="http://www.w3.org/2000/svg"
                >
                  <path
                    d="M13.601 2.326A7.854 7.854 0 0 0 7.994 0C3.627 0 .068 3.558.064 7.926c0 1.399.366 2.76 1.057 3.965L0 16l4.204-1.102a7.933 7.933 0 0 0 3.79.965h.004c4.368 0 7.926-3.558 7.93-7.93A7.898 7.898 0 0 0 13.6 2.326zM7.994 14.521a6.573 6.573 0 0 1-3.356-.92l-.24-.144-2.494.654.666-2.433-.156-.251a6.56 6.56 0 0 1-1.007-3.505c0-3.626 2.957-6.584 6.591-6.584a6.56 6.56 0 0 1 4.66 1.931 6.557 6.557 0 0 1 1.928 4.66c-.004 3.639-2.961 6.592-6.592 6.592zm3.615-4.934c-.197-.099-1.17-.578-1.353-.646-.182-.065-.315-.099-.445.099-.133.197-.513.646-.627.775-.114.133-.232.148-.43.05-.197-.1-.836-.308-1.592-.985-.59-.525-.985-1.175-1.103-1.372-.114-.198-.011-.304.088-.403.087-.088.197-.232.296-.346.1-.114.133-.198.198-.33.065-.134.034-.248-.015-.347-.05-.099-.445-1.076-.612-1.47-.16-.389-.323-.335-.445-.34-.114-.007-.247-.007-.38-.007a.729.729 0 0 0-.529.247c-.182.198-.691.677-.691 1.654 0 .977.71 1.916.81 2.049.098.133 1.394 2.132 3.383 2.992.47.205.84.326 1.129.418.475.152.904.129 1.246.08.38-.058 1.171-.48 1.338-.943.164-.464.164-.86.114-.943-.049-.084-.182-.133-.38-.232z"
                  />
                </svg>
              </a>
            </div>
            <div
              className="rounded-circle d-flex justify-content-center align-items-center d-inline "
              style={
                Object {
                  "backgroundColor": "#fff",
                  "height": 30,
                  "overflow": "hidden",
                  "width": 30,
                }
              }
            >
              <a
                href="https://www.addtoany.com/add_to/telegram?linkurl=https%3A%2F%2Fwww.todayonline.com%2Fsingapore%2Fspore-ready-female-pm-shanmugam-says-there-are-few-women-leadership-due-family-reasons&linkname=Is%20S%E2%80%99pore%20ready%20for%20a%20female%20PM%3F%20Shanmugam%20says%20there%20are%20few%20women%20in%20leadership%20due%20to%20family%20reasons&linknote="
              >
                <svg
                  fill="#0088CC"
                  height={30}
                  viewBox="0 0 16 16"
                  width={30}
                  xmlns="http://www.w3.org/2000/svg"
                >
                  <path
                    d="M16 8A8 8 0 1 1 0 8a8 8 0 0 1 16 0zM8.287 5.906c-.778.324-2.334.994-4.666 2.01-.378.15-.577.298-.595.442-.03.243.275.339.69.47l.175.055c.408.133.958.288 1.243.294.26.006.549-.1.868-.32 2.179-1.471 3.304-2.214 3.374-2.23.05-.012.12-.026.166.016.047.041.042.12.037.141-.03.129-1.227 1.241-1.846 1.817-.193.18-.33.307-.358.336a8.154 8.154 0 0 1-.188.186c-.38.366-.664.64.015 1.088.327.216.589.393.85.571.284.194.568.387.936.629.093.06.183.125.27.187.331.236.63.448.997.414.214-.02.435-.22.547-.82.265-1.417.786-4.486.906-5.751a1.426 1.426 0 0 0-.013-.315.337.337 0 0 0-.114-.217.526.526 0 0 0-.31-.093c-.3.005-.763.166-2.984 1.09z"
                  />
                </svg>
              </a>
            </div>
            <div
              className="rounded-circle d-flex justify-content-center align-items-center d-inline "
              style={
                Object {
                  "backgroundColor": "#fff",
                  "height": 30,
                  "overflow": "hidden",
                  "width": 30,
                }
              }
            >
              <a
                href="https://www.addtoany.com/add_to/facebook?linkurl=https%3A%2F%2Fwww.todayonline.com%2Fsingapore%2Fspore-ready-female-pm-shanmugam-says-there-are-few-women-leadership-due-family-reasons&linkname=Is%20S%E2%80%99pore%20ready%20for%20a%20female%20PM%3F%20Shanmugam%20says%20there%20are%20few%20women%20in%20leadership%20due%20to%20family%20reasons&linknote="
              >
                <svg
                  fill="#355F9F"
                  height={30}
                  viewBox="0 0 16 16"
                  width={30}
                  xmlns="http://www.w3.org/2000/svg"
                >
                  <path
                    d="M16 8.049c0-4.446-3.582-8.05-8-8.05C3.58 0-.002 3.603-.002 8.05c0 4.017 2.926 7.347 6.75 7.951v-5.625h-2.03V8.05H6.75V6.275c0-2.017 1.195-3.131 3.022-3.131.876 0 1.791.157 1.791.157v1.98h-1.009c-.993 0-1.303.621-1.303 1.258v1.51h2.218l-.354 2.326H9.25V16c3.824-.604 6.75-3.934 6.75-7.951z"
                  />
                </svg>
              </a>
            </div>
            <div
              className="rounded-circle d-flex justify-content-center align-items-center d-inline "
              style={
                Object {
                  "backgroundColor": "#2BA7DE",
                  "height": 30,
                  "overflow": "hidden",
                  "width": 30,
                }
              }
            >
              <a
                href="https://www.addtoany.com/add_to/twitter?linkurl=https%3A%2F%2Fwww.todayonline.com%2Fsingapore%2Fspore-ready-female-pm-shanmugam-says-there-are-few-women-leadership-due-family-reasons&linkname=Is%20S%E2%80%99pore%20ready%20for%20a%20female%20PM%3F%20Shanmugam%20says%20there%20are%20few%20women%20in%20leadership%20due%20to%20family%20reasons&linknote="
              >
                <svg
                  fill="#fff"
                  height={20}
                  viewBox="0 0 16 16"
                  width={20}
                  xmlns="http://www.w3.org/2000/svg"
                >
                  <path
                    d="M5.026 15c6.038 0 9.341-5.003 9.341-9.334 0-.14 0-.282-.006-.422A6.685 6.685 0 0 0 16 3.542a6.658 6.658 0 0 1-1.889.518 3.301 3.301 0 0 0 1.447-1.817 6.533 6.533 0 0 1-2.087.793A3.286 3.286 0 0 0 7.875 6.03a9.325 9.325 0 0 1-6.767-3.429 3.289 3.289 0 0 0 1.018 4.382A3.323 3.323 0 0 1 .64 6.575v.045a3.288 3.288 0 0 0 2.632 3.218 3.203 3.203 0 0 1-.865.115 3.23 3.23 0 0 1-.614-.057 3.283 3.283 0 0 0 3.067 2.277A6.588 6.588 0 0 1 .78 13.58a6.32 6.32 0 0 1-.78-.045A9.344 9.344 0 0 0 5.026 15z"
                  />
                </svg>
              </a>
            </div>
            <div
              className="rounded-circle d-flex justify-content-center align-items-center d-inline "
              style={
                Object {
                  "backgroundColor": "#2D94B0",
                  "height": 30,
                  "overflow": "hidden",
                  "width": 30,
                }
              }
            >
              <a
                href="/"
              >
                <svg
                  fill="#fff"
                  height={18}
                  viewBox="0 0 16 16"
                  width={18}
                  xmlns="http://www.w3.org/2000/svg"
                >
                  <path
                    d="M0 4a2 2 0 0 1 2-2h12a2 2 0 0 1 2 2v8a2 2 0 0 1-2 2H2a2 2 0 0 1-2-2V4Zm2-1a1 1 0 0 0-1 1v.217l7 4.2 7-4.2V4a1 1 0 0 0-1-1H2Zm13 2.383-4.708 2.825L15 11.105V5.383Zm-.034 6.876-5.64-3.471L8 9.583l-1.326-.795-5.64 3.47A1 1 0 0 0 2 13h12a1 1 0 0 0 .966-.741ZM1 11.105l4.708-2.897L1 5.383v5.722Z"
                  />
                </svg>
              </a>
            </div>
            <div
              className="rounded-circle d-flex justify-content-center align-items-center d-inline "
              style={
                Object {
                  "backgroundColor": "#fff",
                  "height": 30,
                  "overflow": "hidden",
                  "width": 30,
                }
              }
            >
              <a
                href="https://www.addtoany.com/add_to/linkedin?linkurl=https%3A%2F%2Fwww.todayonline.com%2Fsingapore%2Fspore-ready-female-pm-shanmugam-says-there-are-few-women-leadership-due-family-reasons&linkname=Is%20S%E2%80%99pore%20ready%20for%20a%20female%20PM%3F%20Shanmugam%20says%20there%20are%20few%20women%20in%20leadership%20due%20to%20family%20reasons&linknote="
              >
                <svg
                  fill="#096B9A"
                  height={30}
                  viewBox="0 0 16 16"
                  width={30}
                  xmlns="http://www.w3.org/2000/svg"
                >
                  <path
                    d="M0 1.146C0 .513.526 0 1.175 0h13.65C15.474 0 16 .513 16 1.146v13.708c0 .633-.526 1.146-1.175 1.146H1.175C.526 16 0 15.487 0 14.854V1.146zm4.943 12.248V6.169H2.542v7.225h2.401zm-1.2-8.212c.837 0 1.358-.554 1.358-1.248-.015-.709-.52-1.248-1.342-1.248-.822 0-1.359.54-1.359 1.248 0 .694.521 1.248 1.327 1.248h.016zm4.908 8.212V9.359c0-.216.016-.432.08-.586.173-.431.568-.878 1.232-.878.869 0 1.216.662 1.216 1.634v3.865h2.401V9.25c0-2.22-1.184-3.252-2.764-3.252-1.274 0-1.845.7-2.165 1.193v.025h-.016a5.54 5.54 0 0 1 .016-.025V6.169h-2.4c.03.678 0 7.225 0 7.225h2.4z"
                  />
                </svg>
              </a>
            </div>
            <div
              className="rounded-circle d-flex justify-content-center align-items-center d-none "
              style={
                Object {
                  "border": "1px solid #000",
                  "height": 30,
                  "overflow": "hidden",
                  "width": 30,
                }
              }
            >
              <a
                href="/"
              >
                <svg
                  fill="currentColor"
                  height={18}
                  viewBox="0 0 16 16"
                  width={18}
                  xmlns="http://www.w3.org/2000/svg"
                >
                  <path
                    d="M11 2.5a2.5 2.5 0 1 1 .603 1.628l-6.718 3.12a2.499 2.499 0 0 1 0 1.504l6.718 3.12a2.5 2.5 0 1 1-.488.876l-6.718-3.12a2.5 2.5 0 1 1 0-3.256l6.718-3.12A2.5 2.5 0 0 1 11 2.5z"
                  />
                </svg>
              </a>
            </div>
          </div>
        </div>
      </div>
    </div>
    <div
      className="col-lg-8 order-lg-2"
    >
      <div
        className="position-relative"
      >
        <img
          alt="lorem"
          className="w-100"
          src="test.png"
        />
        <div
          className="position-absolute bottom-0 end-0 p-2"
          style={
            Object {
              "background": "var(--c-image-byline-bg)",
              "color": "var(--c-white-color)",
              "fontFamily": "var(--ff-byline)",
              "fontSize": "var(--fs-byline)",
              "fontWeight": 400,
              "lineHeight": "var(--lh-byline)",
            }
          }
        >
          lorem
        </div>
      </div>
      <div
        className="mt-2"
        style={
          Object {
            "fontSize": "var(--fs-caption-l)",
            "lineHeight": "var(--lh-caption-l)",
          }
        }
      >
        ipsum
      </div>
    </div>
  </div>
  <div
    className="row"
  >
    <div
      className="col-lg-8"
    >
      <div
        className="p-2 mb-2 mb-lg-4 text-center"
        style={
          Object {
            "backgroundColor": "#eee",
            "borderTop": "1px solid red",
            "fontSize": 14,
          }
        }
      >
        Follow us on
         
        <a
          href="https://www.instagram.com/todayonline/"
          rel="instagram noreferrer"
          style={
            Object {
              "color": "var(--c-link)",
              "fontWeight": "bold",
              "textDecoration": "none",
            }
          }
          target="_blank"
        >
          Instagram
        </a>
         
        and
         
        <a
          href="https://www.tiktok.com/@todayonline"
          rel="tiktok noreferrer"
          style={
            Object {
              "color": "var(--c-link)",
              "fontWeight": "bold",
              "textDecoration": "none",
            }
          }
          target="_blank"
        >
          Tiktok
        </a>
        , and join our
         
        <a
          href="https://t.me/todayonlinesg"
          rel="telegram noreferrer"
          style={
            Object {
              "color": "var(--c-link)",
              "fontWeight": "bold",
              "textDecoration": "none",
            }
          }
          target="_blank"
        >
          Telegram
        </a>
         
        channel for the latest updates.
      </div>
    </div>
  </div>
  <div
    className="row"
  >
    <div
      className="article-content-body col-lg-8"
    >
      <p>
        lorem
      </p>
      <p>
        ipsum
      </p>
      <p>
        dolor
      </p>
      <p>
        sit
      </p>
      <p>
        amet
      </p>
      <p>
        consectetur adipiscing elit, sed do eiusmod tempor incididunt ut labore et dolore magna aliqua
      </p>
      <div
        className="w-50 mb-3 ms-3 p-3 float-end"
        style={
          Object {
            "backgroundColor": "var(--c-muted-accent-light)",
            "maxWidth": 208,
          }
        }
      >
        <h4
          className="text-uppercase pb-0 mb-1"
          style={
            Object {
              "color": "var(--c-primary)",
              "fontFamily": "var(--ff-text-xs)",
              "fontSize": "var(--fs-text-xs)",
              "fontWeight": 600,
            }
          }
        >
          Read Also
        </h4>
        <a
          className="d-inline-block"
          href="test.com"
          style={
            Object {
              "fontFamily": "var(--ff-text-xs)",
              "fontSize": "var(--fs-text-xs)",
              "lineHeight": "var(--lh-h5)",
            }
          }
        >
          ipsum
        </a>
      </div>
      <div
        className="pt-0 pb-3 mb-4"
        style={
          Object {
            "borderBottom": "solid 1px var(--c-border)",
          }
        }
      >
        <hr
          className="d-lg-none"
        />
        <div
          className="text-uppercase mb-4"
          style={
            Object {
              "color": "var(--c-heading)",
              "fontFamily": "var(--ff-topics-h2)",
              "fontSize": "var(--fs-topics-h2)",
              "fontWeight": 600,
              "lineHeight": "var(--lh-topics-h2)",
            }
          }
        >
          Related Topics
        </div>
        <a
          className="d-inline-block px-2 py-1 mx-1 mt-1 mb-0 text-uppercase"
          href="https://www.todayonline.comipsum.com"
          rel="noreferrer"
          style={
            Object {
              "border": "solid 1px var(--c-border)",
              "fontFamily": "var(--ff-topics-link)",
              "fontSize": "var(--fs-topics-link)",
              "fontWeight": 400,
              "letterSpacing": -0.23,
              "lineHeight": "var(--lh-topics-link)",
            }
          }
          target="_blank"
        >
          lorem
        </a>
        <a
          className="d-inline-block px-2 py-1 mx-1 mt-1 mb-0 text-uppercase"
          href="https://www.todayonline.comamet.com"
          rel="noreferrer"
          style={
            Object {
              "border": "solid 1px var(--c-border)",
              "fontFamily": "var(--ff-topics-link)",
              "fontSize": "var(--fs-topics-link)",
              "fontWeight": 400,
              "letterSpacing": -0.23,
              "lineHeight": "var(--lh-topics-link)",
            }
          }
          target="_blank"
        >
          dolor sit
        </a>
      </div>
      <a
        className="px-4 py-3 mb-4 d-flex flex-row justify-content-between align-items-center"
        href="https://www.todayonline.com/taxonomy/term/14366"
        style={
          Object {
            "backgroundColor": "var(--c-muted)",
          }
        }
      >
        <div
          className="d-flex flex-column flex-md-row align-items-center"
        >
          <span
            className="me-1"
            style={
              Object {
                "fontFamily": "var(--ff-article-cta)",
                "fontSize": "var(--fs-article-cta)",
                "fontWeight": 500,
                "lineHeight": "var(--lh-article-cta)",
              }
            }
          >
            Read more of the latest in
          </span>
          <span
            style={
              Object {
                "color": "var(--c-primary)",
                "fontFamily": "var(--ff-category-l)",
                "fontSize": "var(--fs-category-l)",
                "fontWeight": 600,
                "lineHeight": "var(--lh-category-l)",
                "textTransform": "uppercase",
              }
            }
          >
            Singapore
          </span>
        </div>
        <div
          style={
            Object {
              "color": "var(--c-primary)",
              "fontFamily": "var(--ff-button-s)",
              "fontSize": "var(--fs-button-s)",
              "fontWeight": 500,
              "lineHeight": "var(--lh-button-s)",
            }
          }
        >
          Explore now 
          <svg
            fill="currentColor"
            height="1em"
            viewBox="0 0 16 16"
            width="1em"
            xmlns="http://www.w3.org/2000/svg"
          >
            <path
              d="M4.646 1.646a.5.5 0 0 1 .708 0l6 6a.5.5 0 0 1 0 .708l-6 6a.5.5 0 0 1-.708-.708L10.293 8 4.646 2.354a.5.5 0 0 1 0-.708z"
              fillRule="evenodd"
            />
          </svg>
        </div>
      </a>
    </div>
    <div
      className="col-lg-4"
    >
      <div
        className="mb-5"
      >
        <div
          className="row"
        >
          <div
            className="col"
          >
            <div
              className="pt-0 pb-3 mb-0"
              style={
                Object {
                  "color": "var(--c-heading)",
                  "fontFamily": "var(--ff-also-worth)",
                  "fontSize": "var(--fs-also-worth)",
                  "fontWeight": 600,
                  "lineHeight": "var(--lh-also-worth)",
                }
              }
            >
              Popular
            </div>
          </div>
        </div>
        <div
          className="row"
        >
          <div
            className="col-lg-5 col-md-3 col-5"
          >
            <a
              href="dolor.com"
            >
              <img
                className="img-fluid"
                src="ipsum.png"
              />
            </a>
          </div>
          <div
            className="col-lg-7 col-md-9 col-7"
          >
            <a
              className="d-inline-block"
              href="dolor.com"
              style={
                Object {
                  "fontSize": 14,
                  "fontWeight": 600,
                }
              }
            >
              lorem
            </a>
          </div>
        </div>
        <hr />
        <div
          className="row"
        >
          <div
            className="col-lg-5 col-md-3 col-5"
          >
            <a
              href="consecteur.com"
            >
              <img
                className="img-fluid"
                src="amet.png"
              />
            </a>
          </div>
          <div
            className="col-lg-7 col-md-9 col-7"
          >
            <a
              className="d-inline-block"
              href="consecteur.com"
              style={
                Object {
                  "fontSize": 14,
                  "fontWeight": 600,
                }
              }
            >
              sit
            </a>
          </div>
        </div>
      </div>
    </div>
    <div
      className="col-lg-8"
    >
      <div
        className="row"
      >
        <div
          className="col-xl-6 col-sm-7"
        >
          <div
            className="d-flex flex-column border border-1"
          >
            <div
              className="py-3 ps-4"
              style={
                Object {
                  "backgroundColor": "var(--c-primary)",
                  "color": "var(--c-text-inverse)",
                  "fontFamily": "var(--ff-subscription)",
                  "fontSize": "var(--fs-subscription)",
                  "lineHeight": "var(--lh-subscription)",
                }
              }
            >
              <div
                className="w-75"
              >
                sit
              </div>
            </div>
            <div
              className="px-4 pt-4 pb-md-0 pb-md-4 pb-lg-0 pb-xxl-4 d-flex flex-row row"
              style={
                Object {
                  "fontFamily": "var(--ff-link)",
                  "fontSize": "var(--fs-link)",
                  "lineHeight": "var(--lh-link)",
                }
              }
            >
              <div
                className="pe-1 col-xl-6 col-7"
              >
                lorem
              </div>
              <div
                className="position-relative col-xl-6 col-5"
              >
                <img
                  className="position-absolute w-100 px-3 img-fluid"
                  src="newsletter-sub-new-image.png"
                  style={
                    Object {
                      "top": -30,
                    }
                  }
                />
              </div>
            </div>
            <div
              className="row"
            >
              <div
                className="col"
              >
                <div
                  className="p-3 pb-3 pt-xl-3 input-group"
                >
                  <input
                    aria-describedby="subscribe-input-field"
                    aria-label="ipsum"
                    className="border border-top-0 border-end-0 border-start-0 rounded-0 form-control"
                    placeholder="ipsum"
                    style={
                      Object {
                        "borderColor": "var(--c-muted-accent-high)",
                        "color": "var(--c-accent-light)",
                        "fontFamily": "var(--ff-text-sm)",
                        "fontSize": "var(--fs-text-sm)",
                        "lineHeight": "var(--lh-text-sm)",
                      }
                    }
                  />
                  <button
                    className="rounded-0 border-0 px-3 py-2 text-uppercase btn btn-outline-secondary"
                    disabled={false}
                    id="subscribe-input-field"
                    style={
                      Object {
                        "backgroundColor": "var(--c-primary)",
                        "borderColor": "var(--c-primary-accent-high)",
                        "color": "var(--c-text-inverse)",
                        "fontFamily": "var(--ff-button-s)",
                        "fontSize": "var(--fs-button-s)",
                        "fontWeight": 500,
                        "textTransform": "uppercase",
                      }
                    }
                    type="button"
                  >
                    amet
                     
                    <svg
                      fill="currentColor"
                      height="1em"
                      viewBox="0 0 16 16"
                      width="1em"
                      xmlns="http://www.w3.org/2000/svg"
                    >
                      <path
                        d="M4.646 1.646a.5.5 0 0 1 .708 0l6 6a.5.5 0 0 1 0 .708l-6 6a.5.5 0 0 1-.708-.708L10.293 8 4.646 2.354a.5.5 0 0 1 0-.708z"
                        fillRule="evenodd"
                      />
                    </svg>
                  </button>
                </div>
              </div>
            </div>
            <div
              className="mt-1 px-3 pb-3"
              style={
                Object {
                  "color": "var(--c-text)",
                  "fontFamily": "var(--ff-sub-description-s)",
                  "fontSize": "var(--fs-sub-description-s)",
                  "lineHeight": "var(--lh-sub-description-s)",
                }
              }
            >
              dolor
            </div>
          </div>
        </div>
        <div
          className="col-xl-6 col-sm-5"
        >
          <a
            className="p-5 p-lg-0 d-flex flex-column justify-content-center align-items-center h-100"
            href="https://t.me/todayonlinesg"
            style={
              Object {
                "backgroundColor": "var(--c-muted)",
              }
            }
          >
            <div
              className="rounded-circle d-flex justify-content-center align-items-center"
              style={
                Object {
                  "backgroundColor": "#fff",
                  "height": 80,
                  "width": 80,
                }
              }
            >
              <svg
                fill="#0088CC"
                height={80}
                viewBox="0 0 16 16"
                width={80}
                xmlns="http://www.w3.org/2000/svg"
              >
                <path
                  d="M16 8A8 8 0 1 1 0 8a8 8 0 0 1 16 0zM8.287 5.906c-.778.324-2.334.994-4.666 2.01-.378.15-.577.298-.595.442-.03.243.275.339.69.47l.175.055c.408.133.958.288 1.243.294.26.006.549-.1.868-.32 2.179-1.471 3.304-2.214 3.374-2.23.05-.012.12-.026.166.016.047.041.042.12.037.141-.03.129-1.227 1.241-1.846 1.817-.193.18-.33.307-.358.336a8.154 8.154 0 0 1-.188.186c-.38.366-.664.64.015 1.088.327.216.589.393.85.571.284.194.568.387.936.629.093.06.183.125.27.187.331.236.63.448.997.414.214-.02.435-.22.547-.82.265-1.417.786-4.486.906-5.751a1.426 1.426 0 0 0-.013-.315.337.337 0 0 0-.114-.217.526.526 0 0 0-.31-.093c-.3.005-.763.166-2.984 1.09z"
                />
              </svg>
            </div>
            <div
              className="my-3"
              style={
                Object {
                  "fontFamily": "var(--ff-subscription)",
                  "fontSize": "var(--fs-subscription)",
                  "fontWeight": 400,
                  "lineHeight": "var(--lh-subscription)",
                }
              }
            >
              Follow 
              <span
                style={
                  Object {
                    "color": "var(--c-primary)",
                  }
                }
              >
                today
              </span>
              <br />
              on Telegram!
            </div>
            <div
              style={
                Object {
                  "fontFamily": "var(--ff-sub-description)",
                  "fontSize": "var(--fs-sub-description)",
                  "fontWeight": 200,
                  "lineHeight": "var(--lh-sub-description)",
                }
              }
            >
              Join our channel at
              <br />
              <span
                style={
                  Object {
                    "color": "var(--c-primary)",
                  }
                }
              >
                t.me/todayonlinesg
              </span>
            </div>
          </a>
        </div>
      </div>
    </div>
  </div>
</div>
`;
