// Jest Snapshot v1, https://goo.gl/fbAQLP

exports[`HeaderNavIconWithLabel matches snapshot 1`] = `
<div
  className="nav-item"
>
  <a
    className="nav-link"
    href="#"
    onClick={[Function]}
    onKeyDown={[Function]}
    role="button"
    tabIndex={0}
  >
    <svg
      fill="currentColor"
      height="1em"
      viewBox="0 0 16 16"
      width="1em"
      xmlns="http://www.w3.org/2000/svg"
    >
      <path
        d="M3 14s-1 0-1-1 1-4 6-4 6 3 6 4-1 1-1 1H3zm5-6a3 3 0 1 0 0-6 3 3 0 0 0 0 6z"
      />
    </svg>
     
    <span
      className="icon-label"
    >
      lorem
    </span>
  </a>
</div>
`;
